../Core/Src/NoteKit.c:25:6:NoteKit_TickHandler	16	static
../Core/Src/NoteKit.c:47:6:NoteKit_IsPlaying	16	static
../Core/Src/NoteKit.c:61:5:to_midi_index	16	static
../Core/Src/NoteKit.c:74:13:Set_Frequences	64	static
../Core/Src/NoteKit.c:109:6:Set_Tempo	16	static
../Core/Src/NoteKit.c:121:6:NoteKit_Init	8	static
../Core/Src/NoteKit.c:137:6:Set_Buzzer	24	static
../Core/Src/NoteKit.c:153:6:NoteKit_NoteOn	120	static
../Core/Src/NoteKit.c:221:6:NoteKit_SetPart	24	static
../Core/Src/NoteKit.c:237:10:get_duration_ms	32	static
../Core/Src/NoteKit.c:281:6:NoteKit_SequencerUpdate	24	static
