../Core/Src/NoteKit.c:27:6:NoteKit_TickHandler	16	static
../Core/Src/NoteKit.c:48:6:NoteKit_IsPlaying	16	static
../Core/Src/NoteKit.c:61:5:to_midi_index	16	static
../Core/Src/NoteKit.c:69:6:Set_Frequences	64	static
../Core/Src/NoteKit.c:100:6:Set_Tempo	16	static
../Core/Src/NoteKit.c:104:6:NoteKit_Init	8	static
../Core/Src/NoteKit.c:111:6:Set_Buzzer	24	static
../Core/Src/NoteKit.c:127:6:NoteKit_NoteOn	120	static
../Core/Src/NoteKit.c:194:6:Sequencer_Update	24	static
../Core/Src/NoteKit.c:236:6:NoteKit_SetPart	24	static
../Core/Src/NoteKit.c:251:10:get_duration_ms	32	static
../Core/Src/NoteKit.c:289:6:NoteKit_SequencerUpdate	24	static
